Using pre-set license
Built from '2020.2/staging' branch; Version is '2020.2.7f1 (c53830e277f1) revision 12924976'; Using compiler version '192528614'; Build Type 'Release'
OS: 'Windows 10 Pro; OS build 19042.1110; Version 2009; 64bit' Language: 'en' Physical Memory: 16237 MB
BatchMode: 1, IsHumanControllingUs: 0, StartBugReporterOnCrash: 0, Is64bit: 1, IsPro: 0

 COMMAND LINE ARGUMENTS:
C:\Program Files\Unity\Editor\Unity.exe
-adb2
-batchMode
-noUpm
-name
AssetImportWorker0
-projectPath
D:/Games/unity/angry birds
-logFile
Logs/AssetImportWorker0.log
-srvPort
63484
Successfully changed project path to: D:/Games/unity/angry birds
D:/Games/unity/angry birds
Using Asset Import Pipeline V2.
Refreshing native plugins compatible for Editor in 39.31 ms, found 1 plugins.
Preloading 0 native plugins for Editor in 0.00 ms.
Initialize engine version: 2020.2.7f1 (c53830e277f1)
[Subsystems] Discovering subsystems at path C:/Program Files/Unity/Editor/Data/Resources/UnitySubsystems
[Subsystems] Discovering subsystems at path D:/Games/unity/angry birds/Assets
GfxDevice: creating device client; threaded=0
Direct3D:
    Version:  Direct3D 11.0 [level 11.1]
    Renderer: NVIDIA GeForce RTX 2070 Super (ID=0x1ed1)
    Vendor:   
    VRAM:     8011 MB
    Driver:   27.21.14.5167
Initialize mono
Mono path[0] = 'C:/Program Files/Unity/Editor/Data/Managed'
Mono path[1] = 'C:/Program Files/Unity/Editor/Data/MonoBleedingEdge/lib/mono/unityjit'
Mono config path = 'C:/Program Files/Unity/Editor/Data/MonoBleedingEdge/etc'
Using monoOptions --debugger-agent=transport=dt_socket,embedding=1,server=y,suspend=n,address=127.0.0.1:56908
Begin MonoManager ReloadAssembly
Registering precompiled unity dll's ...
Register platform support module: C:/Program Files/Unity/Editor/Data/PlaybackEngines/WindowsStandaloneSupport/UnityEditor.WindowsStandalone.Extensions.dll
Registered in 0.002472 seconds.
Native extension for WindowsStandalone target not found
Refreshing native plugins compatible for Editor in 39.58 ms, found 1 plugins.
Preloading 0 native plugins for Editor in 0.00 ms.
Invoked RoslynAnalysisRunner static constructor.
RoslynAnalysisRunner will not be running.
RoslynAnalysisRunner has terminated.
Mono: successfully reloaded assembly
- Completed reload, in  1.129 seconds
Platform modules already initialized, skipping
Registering precompiled user dll's ...
Registered in 0.000950 seconds.
Begin MonoManager ReloadAssembly
Native extension for WindowsStandalone target not found
Refreshing native plugins compatible for Editor in 39.62 ms, found 1 plugins.
Preloading 0 native plugins for Editor in 0.00 ms.
Invoked RoslynAnalysisRunner static constructor.
RoslynAnalysisRunner will not be running.
RoslynAnalysisRunner has terminated.
Mono: successfully reloaded assembly
- Completed reload, in  1.003 seconds
Platform modules already initialized, skipping
========================================================================
Worker process is ready to serve import requests
Launched and connected shader compiler UnityShaderCompiler.exe after 0.05 seconds
Refreshing native plugins compatible for Editor in 0.36 ms, found 1 plugins.
Preloading 0 native plugins for Editor in 0.00 ms.
Unloading 1956 Unused Serialized files (Serialized files now loaded: 0)
System memory in use before: 90.5 MB.
System memory in use after: 90.6 MB.

Unloading 20 unused Assets to reduce memory usage. Loaded Objects now: 2411.
Total: 2.460400 ms (FindLiveObjects: 0.230000 ms CreateObjectMapping: 0.126800 ms MarkObjects: 2.035700 ms  DeleteObjects: 0.066700 ms)

========================================================================
Received Import Request.
  path: Assets/Scenes
  artifactKey: Guid(f90a4f76fd5192642a9777d16a683c56) Importer(815301076,1909f56bfc062723c751e8b465ee728b)
Start importing Assets/Scenes using Guid(f90a4f76fd5192642a9777d16a683c56) Importer(815301076,1909f56bfc062723c751e8b465ee728b)  -> (artifact id: '8d4ec5797680c0ab958acb6675bc346c') in 0.080373 seconds
  Import took 0.090529 seconds .

========================================================================
Received Import Request.
  Time since last request: 51.471728 seconds.
  path: Assets/Scenes/Level1.unity
  artifactKey: Guid(25877773235d33a49979a593dc895ff8) Importer(815301076,1909f56bfc062723c751e8b465ee728b)
Start importing Assets/Scenes/Level1.unity using Guid(25877773235d33a49979a593dc895ff8) Importer(815301076,1909f56bfc062723c751e8b465ee728b)  -> (artifact id: '65213bb133c4a0e50146de874214b009') in 0.065185 seconds
  Import took 0.071297 seconds .

========================================================================
Received Import Request.
  Time since last request: 10.189882 seconds.
  path: Assets/Scenes/level2.unity
  artifactKey: Guid(7833ba06777e33e489354975eda6f20c) Importer(815301076,1909f56bfc062723c751e8b465ee728b)
Start importing Assets/Scenes/level2.unity using Guid(7833ba06777e33e489354975eda6f20c) Importer(815301076,1909f56bfc062723c751e8b465ee728b)  -> (artifact id: '4faf78c7ce15330d65fbc7ff928290aa') in 0.151383 seconds
  Import took 0.163124 seconds .

========================================================================
Received Prepare
Registering precompiled user dll's ...
Registered in 0.001057 seconds.
Begin MonoManager ReloadAssembly
Native extension for WindowsStandalone target not found
Refreshing native plugins compatible for Editor in 0.34 ms, found 1 plugins.
Preloading 0 native plugins for Editor in 0.00 ms.
Invoked RoslynAnalysisRunner static constructor.
RoslynAnalysisRunner will not be running.
RoslynAnalysisRunner has terminated.
Mono: successfully reloaded assembly
- Completed reload, in  0.918 seconds
Platform modules already initialized, skipping
Refreshing native plugins compatible for Editor in 0.35 ms, found 1 plugins.
Preloading 0 native plugins for Editor in 0.00 ms.
Unloading 1944 Unused Serialized files (Serialized files now loaded: 0)
System memory in use before: 90.0 MB.
System memory in use after: 90.1 MB.

Unloading 9 unused Assets to reduce memory usage. Loaded Objects now: 2414.
Total: 2.034700 ms (FindLiveObjects: 0.195800 ms CreateObjectMapping: 0.074100 ms MarkObjects: 1.750200 ms  DeleteObjects: 0.013600 ms)

========================================================================
Received Import Request.
  Time since last request: 13.267313 seconds.
  path: Assets/Scenes/Level1.unity
  artifactKey: Guid(25877773235d33a49979a593dc895ff8) Importer(815301076,1909f56bfc062723c751e8b465ee728b)
Start importing Assets/Scenes/Level1.unity using Guid(25877773235d33a49979a593dc895ff8) Importer(815301076,1909f56bfc062723c751e8b465ee728b)  -> (artifact id: '5e0e687ad4c149bac9866507b85f02a5') in 0.068955 seconds
  Import took 0.076416 seconds .

========================================================================
Received Import Request.
  Time since last request: 111.933881 seconds.
  path: Assets/Levels.cs
  artifactKey: Guid(9d24ee95921a3de4693f81f1fb3a8746) Importer(815301076,1909f56bfc062723c751e8b465ee728b)
Start importing Assets/Levels.cs using Guid(9d24ee95921a3de4693f81f1fb3a8746) Importer(815301076,1909f56bfc062723c751e8b465ee728b)  -> (artifact id: '0c5ed8341d04bed1ac811d4cc9377d8d') in 0.217313 seconds
  Import took 0.223761 seconds .

========================================================================
Received Prepare
Registering precompiled user dll's ...
Registered in 0.000983 seconds.
Begin MonoManager ReloadAssembly
Native extension for WindowsStandalone target not found
Refreshing native plugins compatible for Editor in 0.34 ms, found 1 plugins.
Preloading 0 native plugins for Editor in 0.00 ms.
Invoked RoslynAnalysisRunner static constructor.
RoslynAnalysisRunner will not be running.
RoslynAnalysisRunner has terminated.
Mono: successfully reloaded assembly
- Completed reload, in  0.947 seconds
Platform modules already initialized, skipping
Refreshing native plugins compatible for Editor in 0.38 ms, found 1 plugins.
Preloading 0 native plugins for Editor in 0.00 ms.
Unloading 1944 Unused Serialized files (Serialized files now loaded: 0)
System memory in use before: 90.0 MB.
System memory in use after: 90.2 MB.

Unloading 9 unused Assets to reduce memory usage. Loaded Objects now: 2417.
Total: 1.911500 ms (FindLiveObjects: 0.194500 ms CreateObjectMapping: 0.074500 ms MarkObjects: 1.626700 ms  DeleteObjects: 0.014800 ms)

========================================================================
Received Import Request.
  Time since last request: 1728.359547 seconds.
  path: Assets/Levels.cs
  artifactKey: Guid(9d24ee95921a3de4693f81f1fb3a8746) Importer(815301076,1909f56bfc062723c751e8b465ee728b)
Start importing Assets/Levels.cs using Guid(9d24ee95921a3de4693f81f1fb3a8746) Importer(815301076,1909f56bfc062723c751e8b465ee728b)  -> (artifact id: '672b3d9e6684c2e1386851a99c188def') in 0.039134 seconds
  Import took 0.044528 seconds .

========================================================================
Received Prepare
Registering precompiled user dll's ...
Registered in 0.000984 seconds.
Begin MonoManager ReloadAssembly
Native extension for WindowsStandalone target not found
Refreshing native plugins compatible for Editor in 0.35 ms, found 1 plugins.
Preloading 0 native plugins for Editor in 0.00 ms.
Invoked RoslynAnalysisRunner static constructor.
RoslynAnalysisRunner will not be running.
RoslynAnalysisRunner has terminated.
Mono: successfully reloaded assembly
- Completed reload, in  0.889 seconds
Platform modules already initialized, skipping
Refreshing native plugins compatible for Editor in 0.35 ms, found 1 plugins.
Preloading 0 native plugins for Editor in 0.00 ms.
Unloading 1944 Unused Serialized files (Serialized files now loaded: 0)
System memory in use before: 90.1 MB.
System memory in use after: 90.2 MB.

Unloading 9 unused Assets to reduce memory usage. Loaded Objects now: 2420.
Total: 2.123000 ms (FindLiveObjects: 0.181100 ms CreateObjectMapping: 0.077700 ms MarkObjects: 1.845800 ms  DeleteObjects: 0.017300 ms)

========================================================================
Received Import Request.
  Time since last request: 14.316030 seconds.
  path: Assets/Levels.cs
  artifactKey: Guid(9d24ee95921a3de4693f81f1fb3a8746) Importer(815301076,1909f56bfc062723c751e8b465ee728b)
Start importing Assets/Levels.cs using Guid(9d24ee95921a3de4693f81f1fb3a8746) Importer(815301076,1909f56bfc062723c751e8b465ee728b)  -> (artifact id: 'f8efe828b75014c22130e465882ff73f') in 0.039894 seconds
  Import took 0.044965 seconds .

========================================================================
Received Import Request.
  Time since last request: 0.018773 seconds.
  path: Assets/Levels.cs
  artifactKey: Guid(9d24ee95921a3de4693f81f1fb3a8746) Importer(815301076,1909f56bfc062723c751e8b465ee728b)
Start importing Assets/Levels.cs using Guid(9d24ee95921a3de4693f81f1fb3a8746) Importer(815301076,1909f56bfc062723c751e8b465ee728b)  -> (artifact id: 'f8efe828b75014c22130e465882ff73f') in 0.039151 seconds
  Import took 0.044161 seconds .

========================================================================
Received Prepare
Registering precompiled user dll's ...
Registered in 0.015809 seconds.
Begin MonoManager ReloadAssembly
Native extension for WindowsStandalone target not found
Refreshing native plugins compatible for Editor in 0.38 ms, found 1 plugins.
Preloading 0 native plugins for Editor in 0.00 ms.
Invoked RoslynAnalysisRunner static constructor.
RoslynAnalysisRunner will not be running.
RoslynAnalysisRunner has terminated.
Mono: successfully reloaded assembly
- Completed reload, in  0.904 seconds
Platform modules already initialized, skipping
Refreshing native plugins compatible for Editor in 0.36 ms, found 1 plugins.
Preloading 0 native plugins for Editor in 0.00 ms.
Unloading 1944 Unused Serialized files (Serialized files now loaded: 0)
System memory in use before: 90.1 MB.
System memory in use after: 90.2 MB.

Unloading 9 unused Assets to reduce memory usage. Loaded Objects now: 2423.
Total: 2.062200 ms (FindLiveObjects: 0.192600 ms CreateObjectMapping: 0.073400 ms MarkObjects: 1.780700 ms  DeleteObjects: 0.014500 ms)

========================================================================
Received Prepare
Registering precompiled user dll's ...
Registered in 0.001373 seconds.
Begin MonoManager ReloadAssembly
Native extension for WindowsStandalone target not found
Refreshing native plugins compatible for Editor in 0.38 ms, found 1 plugins.
Preloading 0 native plugins for Editor in 0.00 ms.
Invoked RoslynAnalysisRunner static constructor.
RoslynAnalysisRunner will not be running.
RoslynAnalysisRunner has terminated.
Mono: successfully reloaded assembly
- Completed reload, in  0.919 seconds
Platform modules already initialized, skipping
Refreshing native plugins compatible for Editor in 0.35 ms, found 1 plugins.
Preloading 0 native plugins for Editor in 0.00 ms.
Unloading 1944 Unused Serialized files (Serialized files now loaded: 0)
System memory in use before: 90.1 MB.
System memory in use after: 90.2 MB.

Unloading 9 unused Assets to reduce memory usage. Loaded Objects now: 2426.
Total: 2.134300 ms (FindLiveObjects: 0.191800 ms CreateObjectMapping: 0.087800 ms MarkObjects: 1.839800 ms  DeleteObjects: 0.014100 ms)

========================================================================
Received Prepare
Registering precompiled user dll's ...
Registered in 0.020537 seconds.
Begin MonoManager ReloadAssembly
Native extension for WindowsStandalone target not found
Refreshing native plugins compatible for Editor in 0.34 ms, found 1 plugins.
Preloading 0 native plugins for Editor in 0.00 ms.
Invoked RoslynAnalysisRunner static constructor.
RoslynAnalysisRunner will not be running.
RoslynAnalysisRunner has terminated.
Mono: successfully reloaded assembly
- Completed reload, in  0.969 seconds
Platform modules already initialized, skipping
Refreshing native plugins compatible for Editor in 0.38 ms, found 1 plugins.
Preloading 0 native plugins for Editor in 0.00 ms.
Unloading 1944 Unused Serialized files (Serialized files now loaded: 0)
System memory in use before: 90.1 MB.
System memory in use after: 90.2 MB.

Unloading 9 unused Assets to reduce memory usage. Loaded Objects now: 2429.
Total: 2.003600 ms (FindLiveObjects: 0.195000 ms CreateObjectMapping: 0.081300 ms MarkObjects: 1.710300 ms  DeleteObjects: 0.016200 ms)

AssetImportWorkerClient::OnTransportError - code=2 error=End of file
