Using pre-set license
Built from '2020.2/staging' branch; Version is '2020.2.7f1 (c53830e277f1) revision 12924976'; Using compiler version '192528614'; Build Type 'Release'
OS: 'Windows 10 Pro; OS build 19042.1110; Version 2009; 64bit' Language: 'en' Physical Memory: 16237 MB
BatchMode: 1, IsHumanControllingUs: 0, StartBugReporterOnCrash: 0, Is64bit: 1, IsPro: 0

 COMMAND LINE ARGUMENTS:
C:\Program Files\Unity\Editor\Unity.exe
-adb2
-batchMode
-noUpm
-name
AssetImportWorker0
-projectPath
D:/Games/unity/angry birds
-logFile
Logs/AssetImportWorker0.log
-srvPort
57519
Successfully changed project path to: D:/Games/unity/angry birds
D:/Games/unity/angry birds
Using Asset Import Pipeline V2.
Refreshing native plugins compatible for Editor in 43.69 ms, found 1 plugins.
Preloading 0 native plugins for Editor in 0.00 ms.
Initialize engine version: 2020.2.7f1 (c53830e277f1)
[Subsystems] Discovering subsystems at path C:/Program Files/Unity/Editor/Data/Resources/UnitySubsystems
[Subsystems] Discovering subsystems at path D:/Games/unity/angry birds/Assets
GfxDevice: creating device client; threaded=0
Direct3D:
    Version:  Direct3D 11.0 [level 11.1]
    Renderer: NVIDIA GeForce RTX 2070 Super (ID=0x1ed1)
    Vendor:   
    VRAM:     8011 MB
    Driver:   27.21.14.5167
Initialize mono
Mono path[0] = 'C:/Program Files/Unity/Editor/Data/Managed'
Mono path[1] = 'C:/Program Files/Unity/Editor/Data/MonoBleedingEdge/lib/mono/unityjit'
Mono config path = 'C:/Program Files/Unity/Editor/Data/MonoBleedingEdge/etc'
Using monoOptions --debugger-agent=transport=dt_socket,embedding=1,server=y,suspend=n,address=127.0.0.1:56220
Begin MonoManager ReloadAssembly
Registering precompiled unity dll's ...
Register platform support module: C:/Program Files/Unity/Editor/Data/PlaybackEngines/WindowsStandaloneSupport/UnityEditor.WindowsStandalone.Extensions.dll
Registered in 0.002546 seconds.
Native extension for WindowsStandalone target not found
Refreshing native plugins compatible for Editor in 39.49 ms, found 1 plugins.
Preloading 0 native plugins for Editor in 0.00 ms.
Invoked RoslynAnalysisRunner static constructor.
RoslynAnalysisRunner will not be running.
RoslynAnalysisRunner has terminated.
Mono: successfully reloaded assembly
- Completed reload, in  1.145 seconds
Platform modules already initialized, skipping
Registering precompiled user dll's ...
Registered in 0.000977 seconds.
Begin MonoManager ReloadAssembly
Native extension for WindowsStandalone target not found
Refreshing native plugins compatible for Editor in 37.55 ms, found 1 plugins.
Preloading 0 native plugins for Editor in 0.00 ms.
Invoked RoslynAnalysisRunner static constructor.
RoslynAnalysisRunner will not be running.
RoslynAnalysisRunner has terminated.
Mono: successfully reloaded assembly
- Completed reload, in  0.989 seconds
Platform modules already initialized, skipping
========================================================================
Worker process is ready to serve import requests
Launched and connected shader compiler UnityShaderCompiler.exe after 0.06 seconds
Refreshing native plugins compatible for Editor in 0.40 ms, found 1 plugins.
Preloading 0 native plugins for Editor in 0.00 ms.
Unloading 1956 Unused Serialized files (Serialized files now loaded: 0)
System memory in use before: 90.5 MB.
System memory in use after: 90.6 MB.

Unloading 20 unused Assets to reduce memory usage. Loaded Objects now: 2411.
Total: 2.056200 ms (FindLiveObjects: 0.191300 ms CreateObjectMapping: 0.086900 ms MarkObjects: 1.722700 ms  DeleteObjects: 0.054400 ms)

========================================================================
Received Import Request.
  path: Assets/New Animation.anim
  artifactKey: Guid(06f81be1966269a4bacff9f5d78df75e) Importer(815301076,1909f56bfc062723c751e8b465ee728b)
Start importing Assets/New Animation.anim using Guid(06f81be1966269a4bacff9f5d78df75e) Importer(815301076,1909f56bfc062723c751e8b465ee728b)  -> (artifact id: '21dc033fcc4fe95905c0a8ee2f586b4d') in 0.112654 seconds
  Import took 0.117924 seconds .

========================================================================
Received Import Request.
  Time since last request: 15.924292 seconds.
  path: Assets/cloud-1.png
  artifactKey: Guid(e3b97ca7aa69cf64a8fd954e64dee254) Importer(815301076,1909f56bfc062723c751e8b465ee728b)
Start importing Assets/cloud-1.png using Guid(e3b97ca7aa69cf64a8fd954e64dee254) Importer(815301076,1909f56bfc062723c751e8b465ee728b)  -> (artifact id: '66a4cd708d334f5a67551f383013e7ad') in 0.286254 seconds
  Import took 0.289450 seconds .

========================================================================
Received Import Request.
  Time since last request: 35.562683 seconds.
  path: Assets/frame-6.png
  artifactKey: Guid(3f023429bb57ee642aad7a67aeef7192) Importer(815301076,1909f56bfc062723c751e8b465ee728b)
Start importing Assets/frame-6.png using Guid(3f023429bb57ee642aad7a67aeef7192) Importer(815301076,1909f56bfc062723c751e8b465ee728b)  -> (artifact id: '94e50b5cb3f8682e1d342220fd4f0b8d') in 0.075080 seconds
  Import took 0.079089 seconds .

